
> build-healthchecks-sdk@0.0.1 postinstall
> node build/docgen.js


added 101 packages, and audited 102 packages in 18s

32 packages are looking for funding
  run `npm fund` for details

2 moderate severity vulnerabilities

To address all issues (including breaking changes), run:
  npm audit fix --force

Run `npm audit` for details.
powershell : npm notice
At line:2 char:1
+ powershell -ExecutionPolicy Bypass -File scripts/generate.ps1 2>&1 |  ...
+ ~~~~~~~~~~~~~~~~~~~~~~~~~~~~~~~~~~~~~~~~~~~~~~~~~~~~~~~~~~~~~~~~~~
    + CategoryInfo          : NotSpecified: (npm notice:String) [], RemoteException
    + FullyQualifiedErrorId : NativeCommandError
 
npm notice New minor version of npm available! 11.11.0 -> 11.20.0
npm notice Changelog: https://github.com/npm/cli/releases/tag/v11.20.0
npm notice To update run: npm install -g npm@11.20.0
npm notice

> build-healthchecks-sdk@0.0.1 generate
> node build/docgen.js && tsc --build src && voxgig-model model/sdk.aontu && voxgig-model test/test.aontu

[15:25:31.941] INFO: model                  model-init           
[15:25:32.021] INFO: model                  build-start          watch:config last:2026-09-30T15:25:32.021Z
[15:25:32.022] INFO: model                  build-trigger        watch:config trigger:<config>
(node:94) [DEP0176] DeprecationWarning: fs.F_OK is deprecated, use fs.constants.F_OK instead
(Use `node --trace-deprecation ...` to show where the warning was created)
[15:25:32.436] INFO: model                  root-keys            watch:config keys: sys
[15:25:32.437] INFO: model                  build-end            watch:config

[15:25:32.437] INFO: model                  build-start          watch:model last:2026-09-30T15:25:32.437Z
[15:25:32.437] INFO: model                  build-trigger        watch:model trigger:<start>
[15:25:33.911] INFO: model                  pre-actions          apidef
[15:25:33.918] INFO: model/apidef           generate-start       ./def/openapi.json
[15:25:34.005] INFO: model/apidef           root-keys            openapi, info, servers, security, paths, components
[15:25:34.090] INFO: model/apidef           heuristic01          entities=1 paths=2 methods=2 tags=1 cmps=1 entity-paths=2 entity-ops=2
[15:25:34.094] INFO: model/apidef           metrics              epr=0.500  emr=0.500  (entity=1 paths=2 methods=2)
[15:25:34.174] INFO: model/apidef           generate-guide       ./model/guide/guide.aontu
[15:25:34.833] INFO: model/apidef           generate-end         success

[15:25:34.846] INFO: model                  write-model          ./model/sdk.json
[15:25:34.869] INFO: model                  post-actions         sdkgen
[15:25:34.879] INFO: model/sdkgen           generate-start       
[15:25:35.092] INFO: model/jostraca         generate-entity      target:py, entity: check
[15:25:35.092] INFO: model/jostraca         generate-feature     target:py, feature: test
[15:25:35.506] INFO: model/jostraca         generate-main        target:py
[15:25:35.888] WARN: model/jostraca         require-missing      ./cmp/py/ReadmeFeatures_py
[15:25:36.002] WARN: model/jostraca         require-missing      ./cmp/py/AgentGuide_py
[15:25:36.003] INFO: model/jostraca         generate-agentguide  target:py
[15:25:36.119] INFO: model/jostraca         generate-test        target:py
[15:25:41.551] INFO: model/sdkgen           generate-end         
[15:25:41.552] INFO: model                  root-keys            watch:model keys: def;main;name;origin;name__orig;Name;name_;name-;NAME;const
[15:25:41.552] INFO: model                  build-end            watch:model

[15:25:42.205] INFO: model                  model-init           
[15:25:42.215] INFO: model                  build-start          watch:config last:2026-09-30T15:25:42.214Z
[15:25:42.216] INFO: model                  build-trigger        watch:config trigger:<config>
(node:101) [DEP0176] DeprecationWarning: fs.F_OK is deprecated, use fs.constants.F_OK instead
(Use `node --trace-deprecation ...` to show where the warning was created)
[15:25:42.277] INFO: model                  root-keys            watch:config keys: sys
[15:25:42.278] INFO: model                  build-end            watch:config

[15:25:42.278] INFO: model                  build-start          watch:model last:2026-09-30T15:25:42.278Z
[15:25:42.279] INFO: model                  build-trigger        watch:model trigger:<start>
[15:25:43.378] INFO: model                  pre-actions          
[15:25:43.417] INFO: model                  post-actions         
[15:25:43.417] INFO: model                  root-keys            watch:model keys: feature;primary;struct
[15:25:43.417] INFO: model                  build-end            watch:model

[15:25:45.306] INFO: sdkgen                 doctor-start         
[15:25:46.106] INFO: sdkgen                 doctor-end           .sdk matches the scaffold (0 additive)
